
SQL*Loader: Release 21.0.0.0.0 - Production on 목 10월 6 17:16:00 2022
Version 21.3.0.0.0

Copyright (c) 1982, 2021, Oracle and/or its affiliates.  All rights reserved.

제어 파일:    C:\app\test.ctl
데이터 파일:    C:\app\test.txt
  부적합한 파일:     C:\app\test.bad
  폐기 파일:    지정 사항 없음
 
 (모든 폐기된 레코드 허용)

로드할 건수: ALL
생략 건수: 1
허용 오류 수: 50
바인드 배열:  250 행, 최대 1048576 바이트
계속:    지정 사항 없음
사용된 경로:      규약

테이블 BUYTBL3, 로드되었습니다 개개의 논리 레코드로부터
이 테이블에 적당한 Insert 옵션: APPEND
TRAILING NULLCOLS 옵션 유효

   열 이름                  위치   Len  Term Encl 데이터 유형
------------------------------ ---------- ----- ---- ---- ---------------------
USER_ID                             FIRST     *  WHT      CHARACTER            
PROD_NAME                            NEXT     *  WHT      CHARACTER            

테이블 BUYTBL3:
  3 행이(가) 성공적으로 로드되었습니다.
  데이터 오류 때문에 0 행이(가) 로드되지 않았습니다.
  모든 WHEN 절을 실패했기 때문에 0 행이(가) 로드되지 않았습니다.
  모든 필드가 널이기 때문에 0 행이(가) 로드되지 않았습니다.


바인드 배열에 할당된 영역:            129000바이트(250 행)
읽기 버퍼 바이트: 1048576

건너뛴 논리 레코드의 합계:          1
읽은 논리 레코드의 합계:             3
거부된 논리 레코드의 합계:         0
폐기된 논리 레코드의 합계:        0

목 10월 06 17:16:00 2022에 실행 개시
목 10월 06 17:16:01 2022에 실행 종료

경과 시간:        00:00:00.44
CPU 시간:         00:00:00.09
